2026-03-31 10:16:01 | INFO | CI | === RUN START ===
2026-03-31 10:16:01 | INFO | CI | project=MODULE 4: EVTL PIPELINE
2026-03-31 10:16:01 | INFO | CI | repo_dir=nlp-04-api-text-data
2026-03-31 10:16:01 | INFO | CI | python=3.13.3
2026-03-31 10:16:01 | INFO | CI | os=Darwin 20.6.0
2026-03-31 10:16:01 | INFO | CI | shell=zsh
2026-03-31 10:16:01 | INFO | CI | cwd=.
2026-03-31 10:16:01 | INFO | CI | github_actions=False
2026-03-31 10:16:01 | INFO | CI | START PIPELINE
2026-03-31 10:16:01 | INFO | CI | ========================
2026-03-31 10:16:01 | INFO | CI | STAGE 01: EXTRACT starting... 
2026-03-31 10:16:01 | INFO | CI | ========================
2026-03-31 10:16:01 | INFO | CI | SOURCE PATH = https://jsonplaceholder.typicode.com/posts
2026-03-31 10:16:01 | INFO | CI | ========================
2026-03-31 10:16:01 | INFO | CI | STAGE 02: VALIDATE starting...
2026-03-31 10:16:01 | INFO | CI | ========================
2026-03-31 10:16:01 | INFO | CI | JSON STRUCTURE INSPECTION:
2026-03-31 10:16:01 | INFO | CI | Top-level type: list
2026-03-31 10:16:01 | INFO | CI | Keys in first record: ['userId', 'id', 'title', 'body']
2026-03-31 10:16:01 | INFO | CI | Field types:
2026-03-31 10:16:01 | INFO | CI | userId: int
2026-03-31 10:16:01 | INFO | CI | id: int
2026-03-31 10:16:01 | INFO | CI | title: str
2026-03-31 10:16:01 | INFO | CI | body: str
2026-03-31 10:16:01 | INFO | CI | Validation passed.
2026-03-31 10:16:01 | INFO | CI | Sink: validated JSON object
2026-03-31 10:16:01 | INFO | CI | ========================
2026-03-31 10:16:01 | INFO | CI | STAGE 03: TRANSFORM starting...
2026-03-31 10:16:01 | INFO | CI | ========================
2026-03-31 10:16:01 | INFO | CI | Transformation complete.
2026-03-31 10:16:01 | INFO | CI | DataFrame preview:
shape: (5, 6)
┌─────────┬─────────┬─────────────────────────────────┬─────────────────────────────────┬──────────────┬─────────────┐
│ user_id ┆ post_id ┆ title                           ┆ body                            ┆ title_length ┆ body_length │
│ ---     ┆ ---     ┆ ---                             ┆ ---                             ┆ ---          ┆ ---         │
│ i64     ┆ i64     ┆ str                             ┆ str                             ┆ u32          ┆ u32         │
╞═════════╪═════════╪═════════════════════════════════╪═════════════════════════════════╪══════════════╪═════════════╡
│ 1       ┆ 1       ┆ sunt aut facere repellat provi… ┆ quia et suscipit                ┆ 74           ┆ 158         │
│         ┆         ┆                                 ┆ suscipit recu…                  ┆              ┆             │
│ 1       ┆ 2       ┆ qui est esse                    ┆ est rerum tempore vitae         ┆ 12           ┆ 206         │
│         ┆         ┆                                 ┆ sequi …                         ┆              ┆             │
│ 1       ┆ 3       ┆ ea molestias quasi exercitatio… ┆ et iusto sed quo iure           ┆ 59           ┆ 164         │
│         ┆         ┆                                 ┆ voluptat…                       ┆              ┆             │
│ 1       ┆ 4       ┆ eum et est occaecati            ┆ ullam et saepe reiciendis volu… ┆ 20           ┆ 190         │
│ 1       ┆ 5       ┆ nesciunt quas odio              ┆ repudiandae veniam quaerat sun… ┆ 18           ┆ 147         │
└─────────┴─────────┴─────────────────────────────────┴─────────────────────────────────┴──────────────┴─────────────┘
2026-03-31 10:16:01 | INFO | CI | Sink: Polars DataFrame created
2026-03-31 10:16:01 | INFO | CI | ========================
2026-03-31 10:16:01 | INFO | CI | STAGE 04: LOAD starting...
2026-03-31 10:16:01 | INFO | CI | ========================
2026-03-31 10:16:01 | INFO | CI | ========================
2026-03-31 10:16:01 | INFO | CI | Pipeline executed successfully!
2026-03-31 10:16:01 | INFO | CI | ========================
